src/db/migrations/etl/import-drivers.ts(62,52): error TS2769: No overload matches this call.
  Overload 1 of 2, '(value: { fullName: string | SQL<unknown> | Placeholder<string, any>; id?: string | SQL<unknown> | Placeholder<string, any> | undefined; firebaseId?: string | SQL<...> | Placeholder<...> | null | undefined; ... 16 more ...; dateOfBirth?: string | ... 3 more ... | undefined; }): PgInsertBase<...>', gave the following error.
    Object literal may only specify known properties, and 'name' does not exist in type '{ fullName: string | SQL<unknown> | Placeholder<string, any>; id?: string | SQL<unknown> | Placeholder<string, any> | undefined; firebaseId?: string | SQL<...> | Placeholder<...> | null | undefined; ... 16 more ...; dateOfBirth?: string | ... 3 more ... | undefined; }'.
  Overload 2 of 2, '(values: { fullName: string | SQL<unknown> | Placeholder<string, any>; id?: string | SQL<unknown> | Placeholder<string, any> | undefined; firebaseId?: string | SQL<...> | Placeholder<...> | null | undefined; ... 16 more ...; dateOfBirth?: string | ... 3 more ... | undefined; }[]): PgInsertBase<...>', gave the following error.
    Object literal may only specify known properties, and 'firebaseId' does not exist in type '{ fullName: string | SQL<unknown> | Placeholder<string, any>; id?: string | SQL<unknown> | Placeholder<string, any> | undefined; firebaseId?: string | SQL<...> | Placeholder<...> | null | undefined; ... 16 more ...; dateOfBirth?: string | ... 3 more ... | undefined; }[]'.
src/db/migrations/etl/import-routes.ts(61,13): error TS6133: 'name' is declared but its value is never read.
src/db/migrations/etl/import-vehicles.ts(79,53): error TS2769: No overload matches this call.
  Overload 1 of 2, '(value: { plateNumber: string | SQL<unknown> | Placeholder<string, any>; id?: string | SQL<unknown> | Placeholder<string, any> | undefined; brand?: string | SQL<...> | Placeholder<...> | null | undefined; ... 29 more ...; operatorCode?: string | ... 3 more ... | undefined; }): PgInsertBase<...>', gave the following error.
    Object literal may only specify known properties, and 'seatCount' does not exist in type '{ plateNumber: string | SQL<unknown> | Placeholder<string, any>; id?: string | SQL<unknown> | Placeholder<string, any> | undefined; brand?: string | SQL<unknown> | Placeholder<...> | null | undefined; ... 29 more ...; operatorCode?: string | ... 3 more ... | undefined; }'.
  Overload 2 of 2, '(values: { plateNumber: string | SQL<unknown> | Placeholder<string, any>; id?: string | SQL<unknown> | Placeholder<string, any> | undefined; brand?: string | SQL<...> | Placeholder<...> | null | undefined; ... 29 more ...; operatorCode?: string | ... 3 more ... | undefined; }[]): PgInsertBase<...>', gave the following error.
    Object literal may only specify known properties, and 'firebaseId' does not exist in type '{ plateNumber: string | SQL<unknown> | Placeholder<string, any>; id?: string | SQL<unknown> | Placeholder<string, any> | undefined; brand?: string | SQL<unknown> | Placeholder<...> | null | undefined; ... 29 more ...; operatorCode?: string | ... 3 more ... | undefined; }[]'.
src/modules/chat/__tests__/ai.service.test.ts(8,61): error TS6133: 'beforeAll' is declared but its value is never read.
src/modules/chat/__tests__/ai.service.test.ts(24,3): error TS6133: 'createMockSnapshot' is declared but its value is never read.
src/modules/chat/__tests__/chat-cache.service.test.ts(9,61): error TS6133: 'beforeAll' is declared but its value is never read.
src/modules/chat/__tests__/chat-cache.service.test.ts(35,12): error TS6133: 'table' is declared but its value is never read.
src/modules/chat/__tests__/chat-cache.service.test.ts(45,7): error TS6133: 'setupTableMocks' is declared but its value is never read.
src/modules/chat/__tests__/chat-cache.service.test.ts(56,47): error TS2783: 'id' is specified more than once, so this usage will be overwritten.
src/modules/chat/__tests__/chat-cache.service.test.ts(57,51): error TS2783: 'id' is specified more than once, so this usage will be overwritten.
src/modules/chat/__tests__/chat-cache.service.test.ts(58,49): error TS2783: 'id' is specified more than once, so this usage will be overwritten.
src/modules/chat/__tests__/chat-cache.service.test.ts(59,43): error TS2783: 'id' is specified more than once, so this usage will be overwritten.
src/modules/chat/__tests__/chat-cache.service.test.ts(60,45): error TS2783: 'id' is specified more than once, so this usage will be overwritten.
src/modules/chat/__tests__/chat-cache.service.test.ts(61,63): error TS2783: 'id' is specified more than once, so this usage will be overwritten.
src/modules/chat/__tests__/chat-cache.service.test.ts(62,49): error TS2783: 'id' is specified more than once, so this usage will be overwritten.
src/modules/chat/__tests__/chat-cache.service.test.ts(63,48): error TS2783: 'id' is specified more than once, so this usage will be overwritten.
src/modules/chat/__tests__/chat-cache.service.test.ts(64,44): error TS2783: 'id' is specified more than once, so this usage will be overwritten.
src/modules/chat/__tests__/chat-cache.service.test.ts(65,49): error TS2783: 'id' is specified more than once, so this usage will be overwritten.
src/modules/chat/__tests__/chat-cache.service.test.ts(66,53): error TS2783: 'id' is specified more than once, so this usage will be overwritten.
src/modules/chat/__tests__/chat-cache.service.test.ts(67,61): error TS2783: 'id' is specified more than once, so this usage will be overwritten.
src/modules/chat/__tests__/chat-functions.test.ts(24,3): error TS6133: 'createMockSnapshot' is declared but its value is never read.
src/modules/chat/__tests__/chat.controller.test.ts(25,3): error TS6133: 'createMockSnapshot' is declared but its value is never read.
src/modules/dispatch/__tests__/dispatch-repository.test.ts(21,44): error TS2345: Argument of type 'never[]' is not assignable to parameter of type 'never'.
src/modules/dispatch/__tests__/dispatch-repository.test.ts(25,42): error TS2345: Argument of type 'never[]' is not assignable to parameter of type 'never'.
src/modules/dispatch/__tests__/dispatch-repository.test.ts(52,7): error TS6133: 'mockDb' is declared but its value is never read.
src/modules/dispatch/__tests__/dispatch-repository.test.ts(99,89): error TS2339: Property 'CANCELLED' does not exist on type '{ readonly ENTERED: "entered"; readonly PASSENGERS_DROPPED: "passengers_dropped"; readonly PERMIT_ISSUED: "permit_issued"; readonly PERMIT_REJECTED: "permit_rejected"; readonly PAID: "paid"; readonly DEPARTURE_ORDERED: "departure_ordered"; readonly DEPARTED: "departed"; readonly EXITED: "exited"; }'.
src/modules/dispatch/__tests__/dispatch-repository.test.ts(118,88): error TS2339: Property 'CANCELLED' does not exist on type '{ readonly ENTERED: "entered"; readonly PASSENGERS_DROPPED: "passengers_dropped"; readonly PERMIT_ISSUED: "permit_issued"; readonly PERMIT_REJECTED: "permit_rejected"; readonly PAID: "paid"; readonly DEPARTURE_ORDERED: "departure_ordered"; readonly DEPARTED: "departed"; readonly EXITED: "exited"; }'.
src/modules/dispatch/__tests__/dispatch-repository.test.ts(119,121): error TS2339: Property 'CANCELLED' does not exist on type '{ readonly ENTERED: "entered"; readonly PASSENGERS_DROPPED: "passengers_dropped"; readonly PERMIT_ISSUED: "permit_issued"; readonly PERMIT_REJECTED: "permit_rejected"; readonly PAID: "paid"; readonly DEPARTURE_ORDERED: "departure_ordered"; readonly DEPARTED: "departed"; readonly EXITED: "exited"; }'.
src/modules/dispatch/__tests__/dispatch-repository.test.ts(209,23): error TS2339: Property 'paymentAmount' does not exist on type '{ id: string; vehicleId: string; currentStatus: string; entryTime: Date; createdAt: Date; updatedAt: Date; }'.
src/modules/fleet/repositories/driver-repository-drizzle.ts(48,24): error TS2339: Property 'name' does not exist on type '{ id: string; firebaseId: string | null; address: string | null; phone: string | null; province: string | null; district: string | null; isActive: boolean; metadata: unknown; createdAt: Date; ... 10 more ...; dateOfBirth: string | null; }'.
src/modules/fleet/repositories/driver-repository-drizzle.ts(56,29): error TS2551: Property 'licenseExpiry' does not exist on type '{ id: string; firebaseId: string | null; address: string | null; phone: string | null; province: string | null; district: string | null; isActive: boolean; metadata: unknown; createdAt: Date; ... 10 more ...; dateOfBirth: string | null; }'. Did you mean 'licenseExpiryDate'?
src/modules/fleet/repositories/driver-repository-drizzle.ts(76,23): error TS2339: Property 'name' does not exist on type 'PgTableWithColumns<{ name: "drivers"; schema: undefined; columns: { id: PgColumn<{ name: "id"; tableName: "drivers"; dataType: "string"; columnType: "PgUUID"; data: string; driverParam: string; notNull: true; hasDefault: true; ... 6 more ...; generated: undefined; }, {}, {}>; ... 18 more ...; updatedAt: PgColumn<......'.
src/modules/fleet/repositories/driver-repository-drizzle.ts(81,32): error TS2551: Property 'licenseExpiry' does not exist on type 'PgTableWithColumns<{ name: "drivers"; schema: undefined; columns: { id: PgColumn<{ name: "id"; tableName: "drivers"; dataType: "string"; columnType: "PgUUID"; data: string; driverParam: string; notNull: true; hasDefault: true; ... 6 more ...; generated: undefined; }, {}, {}>; ... 18 more ...; updatedAt: PgColumn<......'. Did you mean 'licenseExpiryDate'?
src/modules/fleet/repositories/driver-repository-drizzle.ts(111,11): error TS2353: Object literal may only specify known properties, and 'name' does not exist in type '{ id: string; firebaseId: string | null; address: string | null; phone: string | null; province: string | null; district: string | null; isActive: boolean; metadata: unknown; createdAt: Date; ... 10 more ...; dateOfBirth: string | null; }'.
src/modules/fleet/repositories/driver-repository-drizzle.ts(143,23): error TS2339: Property 'name' does not exist on type 'PgTableWithColumns<{ name: "drivers"; schema: undefined; columns: { id: PgColumn<{ name: "id"; tableName: "drivers"; dataType: "string"; columnType: "PgUUID"; data: string; driverParam: string; notNull: true; hasDefault: true; ... 6 more ...; generated: undefined; }, {}, {}>; ... 18 more ...; updatedAt: PgColumn<......'.
src/modules/fleet/repositories/driver-repository-drizzle.ts(148,32): error TS2551: Property 'licenseExpiry' does not exist on type 'PgTableWithColumns<{ name: "drivers"; schema: undefined; columns: { id: PgColumn<{ name: "id"; tableName: "drivers"; dataType: "string"; columnType: "PgUUID"; data: string; driverParam: string; notNull: true; hasDefault: true; ... 6 more ...; generated: undefined; }, {}, {}>; ... 18 more ...; updatedAt: PgColumn<......'. Did you mean 'licenseExpiryDate'?
src/modules/fleet/repositories/driver-repository-drizzle.ts(181,9): error TS2353: Object literal may only specify known properties, and 'name' does not exist in type '{ id: string; firebaseId: string | null; address: string | null; phone: string | null; province: string | null; district: string | null; isActive: boolean; metadata: unknown; createdAt: Date; ... 10 more ...; dateOfBirth: string | null; }'.
src/modules/fleet/repositories/driver-repository-drizzle.ts(239,8): error TS2769: No overload matches this call.
  Overload 1 of 2, '(value: { fullName: string | SQL<unknown> | Placeholder<string, any>; id?: string | SQL<unknown> | Placeholder<string, any> | undefined; firebaseId?: string | SQL<...> | Placeholder<...> | null | undefined; ... 16 more ...; dateOfBirth?: string | ... 3 more ... | undefined; }): PgInsertBase<...>', gave the following error.
    Object literal may only specify known properties, and 'name' does not exist in type '{ fullName: string | SQL<unknown> | Placeholder<string, any>; id?: string | SQL<unknown> | Placeholder<string, any> | undefined; firebaseId?: string | SQL<...> | Placeholder<...> | null | undefined; ... 16 more ...; dateOfBirth?: string | ... 3 more ... | undefined; }'.
  Overload 2 of 2, '(values: { fullName: string | SQL<unknown> | Placeholder<string, any>; id?: string | SQL<unknown> | Placeholder<string, any> | undefined; firebaseId?: string | SQL<...> | Placeholder<...> | null | undefined; ... 16 more ...; dateOfBirth?: string | ... 3 more ... | undefined; }[]): PgInsertBase<...>', gave the following error.
    Object literal may only specify known properties, and 'operatorId' does not exist in type '{ fullName: string | SQL<unknown> | Placeholder<string, any>; id?: string | SQL<unknown> | Placeholder<string, any> | undefined; firebaseId?: string | SQL<...> | Placeholder<...> | null | undefined; ... 16 more ...; dateOfBirth?: string | ... 3 more ... | undefined; }[]'.
src/modules/fleet/repositories/driver-repository-drizzle.ts(287,49): error TS2339: Property 'name' does not exist on type 'Partial<{ fullName: string; id?: string | undefined; firebaseId?: string | null | undefined; address?: string | null | undefined; phone?: string | null | undefined; province?: string | null | undefined; ... 13 more ...; dateOfBirth?: string | ... 1 more ... | undefined; }>'.
src/modules/fleet/repositories/driver-repository-drizzle.ts(294,18): error TS2551: Property 'licenseExpiry' does not exist on type 'Partial<{ fullName: string; id?: string | undefined; firebaseId?: string | null | undefined; address?: string | null | undefined; phone?: string | null | undefined; province?: string | null | undefined; ... 13 more ...; dateOfBirth?: string | ... 1 more ... | undefined; }>'. Did you mean 'licenseExpiryDate'?
src/modules/fleet/repositories/vehicle-repository-drizzle.ts(37,29): error TS2339: Property 'seatCount' does not exist on type 'PgTableWithColumns<{ name: "vehicles"; schema: undefined; columns: { id: PgColumn<{ name: "id"; tableName: "vehicles"; dataType: "string"; columnType: "PgUUID"; data: string; driverParam: string; notNull: true; hasDefault: true; ... 6 more ...; generated: undefined; }, {}, {}>; ... 31 more ...; updatedAt: PgColumn<....'.
src/modules/fleet/repositories/vehicle-repository-drizzle.ts(40,37): error TS2339: Property 'yearOfManufacture' does not exist on type 'PgTableWithColumns<{ name: "vehicles"; schema: undefined; columns: { id: PgColumn<{ name: "id"; tableName: "vehicles"; dataType: "string"; columnType: "PgUUID"; data: string; driverParam: string; notNull: true; hasDefault: true; ... 6 more ...; generated: undefined; }, {}, {}>; ... 31 more ...; updatedAt: PgColumn<....'.
src/modules/fleet/repositories/vehicle-repository-drizzle.ts(44,38): error TS2339: Property 'registrationExpiry' does not exist on type 'PgTableWithColumns<{ name: "vehicles"; schema: undefined; columns: { id: PgColumn<{ name: "id"; tableName: "vehicles"; dataType: "string"; columnType: "PgUUID"; data: string; driverParam: string; notNull: true; hasDefault: true; ... 6 more ...; generated: undefined; }, {}, {}>; ... 31 more ...; updatedAt: PgColumn<....'.
src/modules/fleet/repositories/vehicle-repository-drizzle.ts(45,35): error TS2551: Property 'insuranceExpiry' does not exist on type 'PgTableWithColumns<{ name: "vehicles"; schema: undefined; columns: { id: PgColumn<{ name: "id"; tableName: "vehicles"; dataType: "string"; columnType: "PgUUID"; data: string; driverParam: string; notNull: true; hasDefault: true; ... 6 more ...; generated: undefined; }, {}, {}>; ... 31 more ...; updatedAt: PgColumn<....'. Did you mean 'insuranceExpiryDate'?
src/modules/fleet/repositories/vehicle-repository-drizzle.ts(46,40): error TS2339: Property 'roadWorthinessExpiry' does not exist on type 'PgTableWithColumns<{ name: "vehicles"; schema: undefined; columns: { id: PgColumn<{ name: "id"; tableName: "vehicles"; dataType: "string"; columnType: "PgUUID"; data: string; driverParam: string; notNull: true; hasDefault: true; ... 6 more ...; generated: undefined; }, {}, {}>; ... 31 more ...; updatedAt: PgColumn<....'.
src/modules/fleet/repositories/vehicle-repository-drizzle.ts(137,29): error TS2339: Property 'seatCount' does not exist on type 'PgTableWithColumns<{ name: "vehicles"; schema: undefined; columns: { id: PgColumn<{ name: "id"; tableName: "vehicles"; dataType: "string"; columnType: "PgUUID"; data: string; driverParam: string; notNull: true; hasDefault: true; ... 6 more ...; generated: undefined; }, {}, {}>; ... 31 more ...; updatedAt: PgColumn<....'.
src/modules/fleet/repositories/vehicle-repository-drizzle.ts(140,37): error TS2339: Property 'yearOfManufacture' does not exist on type 'PgTableWithColumns<{ name: "vehicles"; schema: undefined; columns: { id: PgColumn<{ name: "id"; tableName: "vehicles"; dataType: "string"; columnType: "PgUUID"; data: string; driverParam: string; notNull: true; hasDefault: true; ... 6 more ...; generated: undefined; }, {}, {}>; ... 31 more ...; updatedAt: PgColumn<....'.
src/modules/fleet/repositories/vehicle-repository-drizzle.ts(144,38): error TS2339: Property 'registrationExpiry' does not exist on type 'PgTableWithColumns<{ name: "vehicles"; schema: undefined; columns: { id: PgColumn<{ name: "id"; tableName: "vehicles"; dataType: "string"; columnType: "PgUUID"; data: string; driverParam: string; notNull: true; hasDefault: true; ... 6 more ...; generated: undefined; }, {}, {}>; ... 31 more ...; updatedAt: PgColumn<....'.
src/modules/fleet/repositories/vehicle-repository-drizzle.ts(145,35): error TS2551: Property 'insuranceExpiry' does not exist on type 'PgTableWithColumns<{ name: "vehicles"; schema: undefined; columns: { id: PgColumn<{ name: "id"; tableName: "vehicles"; dataType: "string"; columnType: "PgUUID"; data: string; driverParam: string; notNull: true; hasDefault: true; ... 6 more ...; generated: undefined; }, {}, {}>; ... 31 more ...; updatedAt: PgColumn<....'. Did you mean 'insuranceExpiryDate'?
src/modules/fleet/repositories/vehicle-repository-drizzle.ts(146,40): error TS2339: Property 'roadWorthinessExpiry' does not exist on type 'PgTableWithColumns<{ name: "vehicles"; schema: undefined; columns: { id: PgColumn<{ name: "id"; tableName: "vehicles"; dataType: "string"; columnType: "PgUUID"; data: string; driverParam: string; notNull: true; hasDefault: true; ... 6 more ...; generated: undefined; }, {}, {}>; ... 31 more ...; updatedAt: PgColumn<....'.
src/modules/fleet/repositories/vehicle-repository-drizzle.ts(311,8): error TS2769: No overload matches this call.
  Overload 1 of 2, '(value: { plateNumber: string | SQL<unknown> | Placeholder<string, any>; id?: string | SQL<unknown> | Placeholder<string, any> | undefined; brand?: string | SQL<...> | Placeholder<...> | null | undefined; ... 29 more ...; operatorCode?: string | ... 3 more ... | undefined; }): PgInsertBase<...>', gave the following error.
    Object literal may only specify known properties, and 'seatCount' does not exist in type '{ plateNumber: string | SQL<unknown> | Placeholder<string, any>; id?: string | SQL<unknown> | Placeholder<string, any> | undefined; brand?: string | SQL<unknown> | Placeholder<...> | null | undefined; ... 29 more ...; operatorCode?: string | ... 3 more ... | undefined; }'.
  Overload 2 of 2, '(values: { plateNumber: string | SQL<unknown> | Placeholder<string, any>; id?: string | SQL<unknown> | Placeholder<string, any> | undefined; brand?: string | SQL<...> | Placeholder<...> | null | undefined; ... 29 more ...; operatorCode?: string | ... 3 more ... | undefined; }[]): PgInsertBase<...>', gave the following error.
    Object literal may only specify known properties, and 'plateNumber' does not exist in type '{ plateNumber: string | SQL<unknown> | Placeholder<string, any>; id?: string | SQL<unknown> | Placeholder<string, any> | undefined; brand?: string | SQL<unknown> | Placeholder<...> | null | undefined; ... 29 more ...; operatorCode?: string | ... 3 more ... | undefined; }[]'.
src/modules/fleet/repositories/vehicle-repository-drizzle.ts(366,53): error TS2339: Property 'seatCount' does not exist on type 'Partial<{ plateNumber: string; id?: string | undefined; brand?: string | null | undefined; firebaseId?: string | null | undefined; province?: string | null | undefined; isActive?: boolean | undefined; ... 26 more ...; operatorCode?: string | ... 1 more ... | undefined; }>'.
src/modules/fleet/repositories/vehicle-repository-drizzle.ts(370,18): error TS2551: Property 'insuranceExpiry' does not exist on type 'Partial<{ plateNumber: string; id?: string | undefined; brand?: string | null | undefined; firebaseId?: string | null | undefined; province?: string | null | undefined; isActive?: boolean | undefined; ... 26 more ...; operatorCode?: string | ... 1 more ... | undefined; }>'. Did you mean 'insuranceExpiryDate'?
src/modules/fleet/repositories/vehicle-repository-drizzle.ts(372,18): error TS2339: Property 'roadWorthinessExpiry' does not exist on type 'Partial<{ plateNumber: string; id?: string | undefined; brand?: string | null | undefined; firebaseId?: string | null | undefined; province?: string | null | undefined; isActive?: boolean | undefined; ... 26 more ...; operatorCode?: string | ... 1 more ... | undefined; }>'.
src/modules/fleet/services/vehicle-cache.service.ts(120,29): error TS2339: Property 'seatCount' does not exist on type '{ id: string; firebaseId: string | null; plateNumber: string; operatorId: string | null; vehicleTypeId: string | null; seatCapacity: number | null; bedCapacity: number | null; brand: string | null; ... 24 more ...; updatedAt: Date; }'.
src/modules/fleet/services/vehicle-cache.service.ts(134,30): error TS2339: Property 'yearOfManufacture' does not exist on type '{ id: string; firebaseId: string | null; plateNumber: string; operatorId: string | null; vehicleTypeId: string | null; seatCapacity: number | null; bedCapacity: number | null; brand: string | null; ... 24 more ...; updatedAt: Date; }'.
src/modules/fleet/services/vehicle-cache.service.ts(144,35): error TS2339: Property 'roadWorthinessExpiry' does not exist on type '{ id: string; firebaseId: string | null; plateNumber: string; operatorId: string | null; vehicleTypeId: string | null; seatCapacity: number | null; bedCapacity: number | null; brand: string | null; ... 24 more ...; updatedAt: Date; }'.
src/modules/fleet/services/vehicle-cache.service.ts(145,34): error TS2551: Property 'insuranceExpiry' does not exist on type '{ id: string; firebaseId: string | null; plateNumber: string; operatorId: string | null; vehicleTypeId: string | null; seatCapacity: number | null; bedCapacity: number | null; brand: string | null; ... 24 more ...; updatedAt: Date; }'. Did you mean 'insuranceExpiryDate'?
src/modules/fleet/services/vehicle-cache.service.ts(227,39): error TS2339: Property 'seatCount' does not exist on type '{ id: string; firebaseId: string | null; plateNumber: string; operatorId: string | null; vehicleTypeId: string | null; seatCapacity: number | null; bedCapacity: number | null; brand: string | null; ... 24 more ...; updatedAt: Date; }'.
src/modules/fleet/services/vehicle-cache.service.ts(231,45): error TS2339: Property 'yearOfManufacture' does not exist on type '{ id: string; firebaseId: string | null; plateNumber: string; operatorId: string | null; vehicleTypeId: string | null; seatCapacity: number | null; bedCapacity: number | null; brand: string | null; ... 24 more ...; updatedAt: Date; }'.
src/modules/fleet/services/vehicle-cache.service.ts(291,30): error TS2339: Property 'seatCount' does not exist on type '{ id: string; firebaseId: string | null; plateNumber: string; operatorId: string | null; vehicleTypeId: string | null; seatCapacity: number | null; bedCapacity: number | null; brand: string | null; ... 24 more ...; updatedAt: Date; }'.
src/modules/fleet/services/vehicle-cache.service.ts(304,31): error TS2339: Property 'yearOfManufacture' does not exist on type '{ id: string; firebaseId: string | null; plateNumber: string; operatorId: string | null; vehicleTypeId: string | null; seatCapacity: number | null; bedCapacity: number | null; brand: string | null; ... 24 more ...; updatedAt: Date; }'.
src/modules/report/report.repository.ts(90,92): error TS2339: Property 'name' does not exist on type 'PgTableWithColumns<{ name: "drivers"; schema: undefined; columns: { id: PgColumn<{ name: "id"; tableName: "drivers"; dataType: "string"; columnType: "PgUUID"; data: string; driverParam: string; notNull: true; hasDefault: true; ... 6 more ...; generated: undefined; }, {}, {}>; ... 18 more ...; updatedAt: PgColumn<......'.
src/modules/report/report.repository.ts(171,92): error TS2339: Property 'name' does not exist on type 'PgTableWithColumns<{ name: "drivers"; schema: undefined; columns: { id: PgColumn<{ name: "id"; tableName: "drivers"; dataType: "string"; columnType: "PgUUID"; data: string; driverParam: string; notNull: true; hasDefault: true; ... 6 more ...; generated: undefined; }, {}, {}>; ... 18 more ...; updatedAt: PgColumn<......'.
src/modules/report/report.repository.ts(212,92): error TS2339: Property 'name' does not exist on type 'PgTableWithColumns<{ name: "drivers"; schema: undefined; columns: { id: PgColumn<{ name: "id"; tableName: "drivers"; dataType: "string"; columnType: "PgUUID"; data: string; driverParam: string; notNull: true; hasDefault: true; ... 6 more ...; generated: undefined; }, {}, {}>; ... 18 more ...; updatedAt: PgColumn<......'.
src/scripts/benchmark.ts(69,27): error TS2339: Property 'name' does not exist on type 'PgTableWithColumns<{ name: "drivers"; schema: undefined; columns: { id: PgColumn<{ name: "id"; tableName: "drivers"; dataType: "string"; columnType: "PgUUID"; data: string; driverParam: string; notNull: true; hasDefault: true; ... 6 more ...; generated: undefined; }, {}, {}>; ... 18 more ...; updatedAt: PgColumn<......'.
src/services/cached-data.service.ts(194,5): error TS2322: Type '{ id: string; firebaseId: string | null; fullName: string; phone: string | null; idNumber: string | null; operatorId: string | null; licenseNumber: string | null; licenseClass: string | null; ... 11 more ...; updatedAt: Date; }[]' is not assignable to type 'Driver[]'.
  Property 'name' is missing in type '{ id: string; firebaseId: string | null; fullName: string; phone: string | null; idNumber: string | null; operatorId: string | null; licenseNumber: string | null; licenseClass: string | null; ... 11 more ...; updatedAt: Date; }' but required in type 'Driver'.
src/services/cached-data.service.ts(205,5): error TS2741: Property 'name' is missing in type '{ id: string; firebaseId: string | null; fullName: string; phone: string | null; idNumber: string | null; operatorId: string | null; licenseNumber: string | null; licenseClass: string | null; ... 11 more ...; updatedAt: Date; }' but required in type 'Driver'.
src/services/dashboard.service.ts(156,19): error TS2339: Property 'registrationExpiry' does not exist on type '{ id: string; firebaseId: string | null; plateNumber: string; operatorId: string | null; vehicleTypeId: string | null; seatCapacity: number | null; bedCapacity: number | null; brand: string | null; ... 24 more ...; updatedAt: Date; }'.
src/services/dashboard.service.ts(161,31): error TS2339: Property 'registrationExpiry' does not exist on type '{ id: string; firebaseId: string | null; plateNumber: string; operatorId: string | null; vehicleTypeId: string | null; seatCapacity: number | null; bedCapacity: number | null; brand: string | null; ... 24 more ...; updatedAt: Date; }'.
src/services/dashboard.service.ts(164,19): error TS2551: Property 'insuranceExpiry' does not exist on type '{ id: string; firebaseId: string | null; plateNumber: string; operatorId: string | null; vehicleTypeId: string | null; seatCapacity: number | null; bedCapacity: number | null; brand: string | null; ... 24 more ...; updatedAt: Date; }'. Did you mean 'insuranceExpiryDate'?
src/services/dashboard.service.ts(169,31): error TS2551: Property 'insuranceExpiry' does not exist on type '{ id: string; firebaseId: string | null; plateNumber: string; operatorId: string | null; vehicleTypeId: string | null; seatCapacity: number | null; bedCapacity: number | null; brand: string | null; ... 24 more ...; updatedAt: Date; }'. Did you mean 'insuranceExpiryDate'?
src/services/dashboard.service.ts(172,19): error TS2339: Property 'roadWorthinessExpiry' does not exist on type '{ id: string; firebaseId: string | null; plateNumber: string; operatorId: string | null; vehicleTypeId: string | null; seatCapacity: number | null; bedCapacity: number | null; brand: string | null; ... 24 more ...; updatedAt: Date; }'.
src/services/dashboard.service.ts(177,31): error TS2339: Property 'roadWorthinessExpiry' does not exist on type '{ id: string; firebaseId: string | null; plateNumber: string; operatorId: string | null; vehicleTypeId: string | null; seatCapacity: number | null; bedCapacity: number | null; brand: string | null; ... 24 more ...; updatedAt: Date; }'.
src/services/dashboard.service.ts(326,19): error TS2551: Property 'licenseExpiry' does not exist on type '{ id: string; firebaseId: string | null; address: string | null; phone: string | null; province: string | null; district: string | null; isActive: boolean; metadata: unknown; createdAt: Date; ... 10 more ...; dateOfBirth: string | null; }'. Did you mean 'licenseExpiryDate'?
src/services/dashboard.service.ts(327,33): error TS2551: Property 'licenseExpiry' does not exist on type '{ id: string; firebaseId: string | null; address: string | null; phone: string | null; province: string | null; district: string | null; isActive: boolean; metadata: unknown; createdAt: Date; ... 10 more ...; dateOfBirth: string | null; }'. Did you mean 'licenseExpiryDate'?
src/services/dashboard.service.ts(327,71): error TS2551: Property 'licenseExpiry' does not exist on type '{ id: string; firebaseId: string | null; address: string | null; phone: string | null; province: string | null; district: string | null; isActive: boolean; metadata: unknown; createdAt: Date; ... 10 more ...; dateOfBirth: string | null; }'. Did you mean 'licenseExpiryDate'?
src/services/dashboard.service.ts(331,24): error TS2339: Property 'name' does not exist on type '{ id: string; firebaseId: string | null; address: string | null; phone: string | null; province: string | null; district: string | null; isActive: boolean; metadata: unknown; createdAt: Date; ... 10 more ...; dateOfBirth: string | null; }'.
src/utils/denormalization.ts(84,31): error TS2339: Property 'seatCount' does not exist on type 'PgTableWithColumns<{ name: "vehicles"; schema: undefined; columns: { id: PgColumn<{ name: "id"; tableName: "vehicles"; dataType: "string"; columnType: "PgUUID"; data: string; driverParam: string; notNull: true; hasDefault: true; ... 6 more ...; generated: undefined; }, {}, {}>; ... 31 more ...; updatedAt: PgColumn<....'.
src/utils/denormalization.ts(118,51): error TS2339: Property 'name' does not exist on type 'PgTableWithColumns<{ name: "drivers"; schema: undefined; columns: { id: PgColumn<{ name: "id"; tableName: "drivers"; dataType: "string"; columnType: "PgUUID"; data: string; driverParam: string; notNull: true; hasDefault: true; ... 6 more ...; generated: undefined; }, {}, {}>; ... 18 more ...; updatedAt: PgColumn<......'.
